ipsum [sic] (all [sic] lower [sic])
Ipsum [sic] (first [sic] cap [sic])
IpSum [sic] (first [sic] & third [sic])
IPSUM [sic] (all [sic] cap [sic])
Lorem [sic] ipsuM [sic]! dolor [sic] sit [sic] amet [sic], consectetur [sic] adipiscing [sic] elit [sic]. Sed [sic] enim [sic]
ligula [sic], eleifend [sic] id [sic] vehicula [sic] at [sic], congue [sic] nec [sic] est [sic]. Curabitur [sic] hendrerit [sic],
eros [sic] eu [sic] ullamcorper [sic] maximus [sic], felis [sic] ex [sic] mattis [sic] nunc [sic], ut [sic] tincidunt [sic] ligula [sic]
orci [sic] sit [sic] amet [sic] nunc [sic]. Integer [sic] tempor [sic] dolor [sic] eget [sic] diam [sic] tempus [sic]
posuere [sic]. Vivamus [sic] fringilla [sic] tincidunt [sic] mauris [sic] a [sic] pharetra [sic]. Donec [sic] ante [sic]
justo [sic], cursus [sic] semper [sic] mollis [sic] at [sic], semper [sic] sit [sic] amet [sic] ante [sic]. Curabitur [sic]
fringilla [sic] sapien [sic] eget [sic] tristique [sic] bibendum [sic]. Sed [sic] metus [sic] augue [sic], consectetur [sic]
sit [sic] amet [sic] dictum [sic] quis [sic], vulputate [sic] vitae [sic] ante [sic].
